
Memory Configuration

Name             Origin             Length             Attributes
*default*        0x0000000000000000 0xffffffffffffffff

Linker script and memory map

                0x0000000080000000                . = 0x80000000

.init           0x0000000080000000       0x1c
 *(.init)
 .init          0x0000000080000000       0x1c crt0.o
                0x0000000080000000                _start

.text           0x000000008000001c      0x594
 *(.text)
 .text          0x000000008000001c        0x0 crt0.o
 .text          0x000000008000001c      0x28c main.o
                0x000000008000001c                main
 .text          0x00000000800002a8      0x2c4 lib.o
                0x00000000800002a8                abs
                0x00000000800002b8                printchar
                0x00000000800002c4                println
                0x00000000800002d4                printstr
                0x00000000800002f4                convertsevensegment
                0x0000000080000368                printscore
                0x00000000800003c4                printint
                0x0000000080000454                pollkbd
                0x0000000080000464                readchar
                0x0000000080000474                readslider
                0x00000000800004a4                readstr
                0x00000000800004fc                readint
 .text          0x000000008000056c       0x2c showpic.o
                0x000000008000056c                showpic
 .text          0x0000000080000598        0x0 pictures.o
 .text          0x0000000080000598       0x18 readstartbutton.o
                0x0000000080000598                readstartbutton

.rodata.str1.8  0x00000000800005b0       0xa3
 .rodata.str1.8
                0x00000000800005b0       0xa3 main.o

.rodata         0x0000000080000654       0x28
 .rodata        0x0000000080000654       0x28 lib.o

.rela.dyn       0x0000000080000680        0x0
 .rela.init     0x0000000080000680        0x0 crt0.o

.data           0x0000000080000680      0x100
 *(.data)
 .data          0x0000000080000680        0x0 crt0.o
 .data          0x0000000080000680        0x0 main.o
 .data          0x0000000080000680        0x0 lib.o
 .data          0x0000000080000680        0x0 showpic.o
 .data          0x0000000080000680      0x100 pictures.o
                0x0000000080000680                pictures
 .data          0x0000000080000780        0x0 readstartbutton.o

.bss            0x0000000080000780        0x0
 *(.bss COMMON)
 .bss           0x0000000080000780        0x0 crt0.o
 .bss           0x0000000080000780        0x0 main.o
 .bss           0x0000000080000780        0x0 lib.o
 .bss           0x0000000080000780        0x0 showpic.o
 .bss           0x0000000080000780        0x0 pictures.o
 .bss           0x0000000080000780        0x0 readstartbutton.o
                0x0000000080000780                . = ALIGN (0x8)
                0x0000000080001780                . = (. + 0x1000)
                0x0000000080001780                __stack_init = .
LOAD crt0.o
LOAD main.o
LOAD lib.o
LOAD showpic.o
LOAD pictures.o
LOAD readstartbutton.o
OUTPUT(c-and-assembly elf64-littleriscv)

.riscv.attributes
                0x0000000000000000       0x30
 .riscv.attributes
                0x0000000000000000       0x2e crt0.o
 .riscv.attributes
                0x000000000000002e       0x30 main.o
 .riscv.attributes
                0x000000000000005e       0x30 lib.o
 .riscv.attributes
                0x000000000000008e       0x2e showpic.o
 .riscv.attributes
                0x00000000000000bc       0x30 pictures.o
 .riscv.attributes
                0x00000000000000ec       0x2e readstartbutton.o

.comment        0x0000000000000000        0xf
 .comment       0x0000000000000000        0xf main.o
                                         0x10 (size before relaxing)
 .comment       0x000000000000000f       0x10 lib.o
 .comment       0x000000000000000f       0x10 pictures.o

.debug_line     0x0000000000000000      0xc4b
 .debug_line    0x0000000000000000       0x59 crt0.o
 .debug_line    0x0000000000000059      0x4cf main.o
 .debug_line    0x0000000000000528      0x62c lib.o
 .debug_line    0x0000000000000b54       0x6e showpic.o
 .debug_line    0x0000000000000bc2       0x39 pictures.o
 .debug_line    0x0000000000000bfb       0x50 readstartbutton.o

.debug_info     0x0000000000000000      0x736
 .debug_info    0x0000000000000000       0x2e crt0.o
 .debug_info    0x000000000000002e      0x24f main.o
 .debug_info    0x000000000000027d      0x3fd lib.o
 .debug_info    0x000000000000067a       0x2e showpic.o
 .debug_info    0x00000000000006a8       0x60 pictures.o
 .debug_info    0x0000000000000708       0x2e readstartbutton.o

.debug_abbrev   0x0000000000000000      0x396
 .debug_abbrev  0x0000000000000000       0x14 crt0.o
 .debug_abbrev  0x0000000000000014       0xe1 main.o
 .debug_abbrev  0x00000000000000f5      0x21f lib.o
 .debug_abbrev  0x0000000000000314       0x14 showpic.o
 .debug_abbrev  0x0000000000000328       0x5a pictures.o
 .debug_abbrev  0x0000000000000382       0x14 readstartbutton.o

.debug_aranges  0x0000000000000000      0x110
 .debug_aranges
                0x0000000000000000       0x30 crt0.o
 .debug_aranges
                0x0000000000000030       0x30 main.o
 .debug_aranges
                0x0000000000000060       0x30 lib.o
 .debug_aranges
                0x0000000000000090       0x30 showpic.o
 .debug_aranges
                0x00000000000000c0       0x20 pictures.o
 .debug_aranges
                0x00000000000000e0       0x30 readstartbutton.o

.debug_str      0x0000000000000000      0x187
 .debug_str     0x0000000000000000       0x5d crt0.o
 .debug_str     0x000000000000005d       0x9a main.o
                                         0xef (size before relaxing)
 .debug_str     0x00000000000000f7       0x60 lib.o
                                        0x121 (size before relaxing)
 .debug_str     0x0000000000000157        0xa showpic.o
                                         0x60 (size before relaxing)
 .debug_str     0x0000000000000161       0x14 pictures.o
                                         0xab (size before relaxing)
 .debug_str     0x0000000000000175       0x12 readstartbutton.o
                                         0x68 (size before relaxing)

.debug_loc      0x0000000000000000      0x8e7
 .debug_loc     0x0000000000000000      0x362 main.o
 .debug_loc     0x0000000000000362      0x585 lib.o

.debug_ranges   0x0000000000000000      0x150
 .debug_ranges  0x0000000000000000       0x90 main.o
 .debug_ranges  0x0000000000000090       0xc0 lib.o

.debug_frame    0x0000000000000000      0x1c0
 .debug_frame   0x0000000000000000       0x70 main.o
 .debug_frame   0x0000000000000070      0x150 lib.o
